../Core/Src/main.c:70:6:HAL_GPIO_EXTI_Callback	16	static
../Core/Src/main.c:79:6:HAL_TIM_PeriodElapsedCallback	16	static
../Core/Src/main.c:86:6:myDelay	24	static
../Core/Src/main.c:100:5:__io_putchar	16	static
../Core/Src/main.c:112:5:main	16	static
../Core/Src/main.c:171:6:SystemClock_Config	88	static
../Core/Src/main.c:218:13:MX_TIM2_Init	64	static
../Core/Src/main.c:277:13:MX_TIM3_Init	32	static
../Core/Src/main.c:322:13:MX_TIM5_Init	32	static
../Core/Src/main.c:367:13:MX_USART2_UART_Init	8	static
../Core/Src/main.c:400:13:MX_GPIO_Init	48	static
../Core/Src/main.c:434:6:Error_Handler	4	static,ignoring_inline_asm
