../Core/Src/main.c:70:6:HAL_GPIO_EXTI_Callback	2
../Core/Src/main.c:79:6:HAL_TIM_PeriodElapsedCallback	1
../Core/Src/main.c:86:6:myDelay	2
../Core/Src/main.c:100:5:__io_putchar	1
../Core/Src/main.c:112:5:main	1
../Core/Src/main.c:171:6:SystemClock_Config	3
../Core/Src/main.c:218:13:MX_TIM2_Init	6
../Core/Src/main.c:277:13:MX_TIM3_Init	4
../Core/Src/main.c:322:13:MX_TIM5_Init	4
../Core/Src/main.c:367:13:MX_USART2_UART_Init	2
../Core/Src/main.c:400:13:MX_GPIO_Init	1
../Core/Src/main.c:434:6:Error_Handler	1
