../Core/Src/../../../myLib/myLib.c:1:5:__io_putchar	1
../Core/Src/main.c:69:6:myDelay	3
../Core/Src/main.c:75:5:GetAdcValue	1
../Core/Src/main.c:86:6:noOperation	1
../Core/Src/main.c:87:6:HAL_ADC_ConvCpltCallback	2
../Core/Src/main.c:107:5:main	1
../Core/Src/main.c:165:6:SystemClock_Config	3
../Core/Src/main.c:212:13:MX_ADC1_Init	4
../Core/Src/main.c:274:13:MX_TIM2_Init	4
../Core/Src/main.c:319:13:MX_TIM3_Init	4
../Core/Src/main.c:364:13:MX_USART2_UART_Init	2
../Core/Src/main.c:395:13:MX_DMA_Init	1
../Core/Src/main.c:413:13:MX_GPIO_Init	1
../Core/Src/main.c:459:6:Error_Handler	1
