../Core/Src/../../../myLib/myLib.c:1:5:__io_putchar	16	static
../Core/Src/main.c:70:6:HAL_GPIO_EXTI_Callback	16	static
../Core/Src/main.c:80:5:main	144	static
../Core/Src/main.c:178:6:SystemClock_Config	88	static
../Core/Src/main.c:225:13:MX_USART2_UART_Init	8	static
../Core/Src/main.c:258:13:MX_GPIO_Init	48	static
../Core/Src/main.c:305:6:StartTask01	24	static
../Core/Src/main.c:333:6:StartTask02	24	static
../Core/Src/main.c:361:6:StartTask03	24	static
../Core/Src/main.c:389:6:StartTask04	24	static
../Core/Src/main.c:418:6:HAL_TIM_PeriodElapsedCallback	16	static
../Core/Src/main.c:435:6:Error_Handler	4	static,ignoring_inline_asm
