../Core/Src/../../../myLib/myLib.c:1:5:__io_putchar	1
../Core/Src/main.c:70:6:HAL_GPIO_EXTI_Callback	1
../Core/Src/main.c:80:5:main	2
../Core/Src/main.c:178:6:SystemClock_Config	3
../Core/Src/main.c:225:13:MX_USART2_UART_Init	2
../Core/Src/main.c:258:13:MX_GPIO_Init	1
../Core/Src/main.c:305:6:StartTask01	2
../Core/Src/main.c:333:6:StartTask02	2
../Core/Src/main.c:361:6:StartTask03	2
../Core/Src/main.c:389:6:StartTask04	2
../Core/Src/main.c:418:6:HAL_TIM_PeriodElapsedCallback	2
../Core/Src/main.c:435:6:Error_Handler	1
