../Core/Src/main.c:61:5:__io_putchar	16	static
../Core/Src/main.c:66:5:__io_getchar	16	static
../Core/Src/main.c:77:5:scanfEx1	32	static
../Core/Src/main.c:98:5:GetKey	8	static
../Core/Src/main.c:106:7:GetDmaData	16	static
../Core/Src/main.c:126:6:HAL_UART_RxCpltCallback	16	static
../Core/Src/main.c:131:6:HAL_GPIO_EXTI_Callback	24	static
../Core/Src/main.c:150:5:main	16	static
../Core/Src/main.c:206:6:SystemClock_Config	88	static
../Core/Src/main.c:253:13:MX_USART2_UART_Init	8	static
../Core/Src/main.c:284:13:MX_DMA_Init	16	static
../Core/Src/main.c:302:13:MX_GPIO_Init	48	static
../Core/Src/main.c:346:6:Error_Handler	4	static,ignoring_inline_asm
